// Vitest Snapshot v1, https://vitest.dev/guide/snapshot.html

exports[`the two catalogs (FR-I18N-2) > keeps the same flattened key set the single-file catalog had (the per-lane split, D-199) 1`] = `
[
  ".app.language:string",
  ".app.shortTitle:string",
  ".app.tagline:string",
  ".app.theme:string",
  ".app.themes.dark:string",
  ".app.themes.night:string",
  ".app.title:string",
  ".banner.info:string",
  ".banner.warning:string",
  ".chart.domeGroup:string",
  ".chart.domeHint:string",
  ".chart.legend.label:string",
  ".chart.legend.moon:function",
  ".chart.legend.state.ahead:string",
  ".chart.legend.state.linger:string",
  ".chart.legend.state.live:string",
  ".chart.legend.sun:function",
  ".chart.liveLabel:string",
  ".chart.loadingDome:string",
  ".chart.noPass:string",
  ".chart.orientation.looking-up:string",
  ".chart.orientation.map:string",
  ".chart.orientationGroup:string",
  ".chart.orientationNote.looking-up:string",
  ".chart.orientationNote.map:string",
  ".chart.readout:function",
  ".chart.screenClose:string",
  ".chart.screenLabel:string",
  ".chart.view.dome:string",
  ".chart.view.polar:string",
  ".chart.view.window:string",
  ".chart.viewGroup:string",
  ".chart.viewPrefix:string",
  ".compass.E:string",
  ".compass.ENE:string",
  ".compass.ESE:string",
  ".compass.N:string",
  ".compass.NE:string",
  ".compass.NNE:string",
  ".compass.NNW:string",
  ".compass.NW:string",
  ".compass.S:string",
  ".compass.SE:string",
  ".compass.SSE:string",
  ".compass.SSW:string",
  ".compass.SW:string",
  ".compass.W:string",
  ".compass.WNW:string",
  ".compass.WSW:string",
  ".countdown.headline:function",
  ".countdown.peak:string",
  ".countdown.rise:string",
  ".countdown.set:string",
  ".countdown.steps:string",
  ".elements.age:function",
  ".elements.newest:function",
  ".elements.none:function",
  ".elements.notCached:string",
  ".elements.oldEpoch:function",
  ".elements.region:string",
  ".elements.stale:function",
  ".elements.unavailable:function",
  ".favourites.current:string",
  ".favourites.empty:string",
  ".favourites.heading:string",
  ".favourites.limit:function",
  ".favourites.remove:function",
  ".favourites.save:string",
  ".favourites.use:function",
  ".footer.celestrak.after:string",
  ".footer.celestrak.before:string",
  ".footer.celestrak.link:string",
  ".footer.credit.after:string",
  ".footer.credit.before:string",
  ".footer.credit.link:string",
  ".footer.geonames.after:string",
  ".footer.geonames.before:string",
  ".footer.geonames.link:string",
  ".footer.openMeteo.after:string",
  ".footer.openMeteo.before:string",
  ".footer.openMeteo.link:string",
  ".footer.privacy:string",
  ".footer.short.licence:string",
  ".footer.short.privacy:string",
  ".footer.short.sources:string",
  ".guide.azimuth:function",
  ".guide.back:string",
  ".guide.close:string",
  ".guide.endReason.horizon:string",
  ".guide.endReason.shadow:string",
  ".guide.endReason.twilight:string",
  ".guide.numbers.azimuth:string",
  ".guide.numbers.caption:string",
  ".guide.numbers.duration:string",
  ".guide.numbers.elevation:string",
  ".guide.numbers.end:string",
  ".guide.numbers.endsWhen:string",
  ".guide.numbers.entersShadow:string",
  ".guide.numbers.leavesShadow:string",
  ".guide.numbers.magnitude:string",
  ".guide.numbers.peak:string",
  ".guide.numbers.point:string",
  ".guide.numbers.range:string",
  ".guide.numbers.rangeAtPeak:string",
  ".guide.numbers.start:string",
  ".guide.numbers.startsWhen:string",
  ".guide.numbers.sunAtPeak:string",
  ".guide.numbers.sunWithLabel:function",
  ".guide.numbers.time:string",
  ".guide.panelLabel:function",
  ".guide.sentence:function",
  ".guide.startReason.horizon:string",
  ".guide.startReason.shadow:string",
  ".guide.startReason.twilight:string",
  ".guide.toList:string",
  ".install.action:string",
  ".install.dismiss:string",
  ".install.ios:string",
  ".install.offer:string",
  ".live.back:string",
  ".live.cloudLabel:string",
  ".live.cloudPercent:function",
  ".live.countLabel:string",
  ".live.headingLabel:string",
  ".live.hiddenLabel:function",
  ".live.hiddenReason.daylight:string",
  ".live.hiddenReason.faint:string",
  ".live.hiddenReason.low:string",
  ".live.hiddenReason.shadow:string",
  ".live.hiddenShort:string",
  ".live.hiddenToggle:string",
  ".live.loading:string",
  ".live.moon:function",
  ".live.moonLabel:string",
  ".live.moonPercent:function",
  ".live.noElements:string",
  ".live.noObserver:string",
  ".live.now:string",
  ".live.open:string",
  ".live.openFromNow:string",
  ".live.openShort:string",
  ".live.overview:string",
  ".live.pause:string",
  ".live.pauseShort:string",
  ".live.pending:string",
  ".live.play:string",
  ".live.playShort:string",
  ".live.playback:string",
  ".live.share:string",
  ".live.shareShort:string",
  ".live.shareText:function",
  ".live.shareTitle:string",
  ".live.sky.bright-twilight:string",
  ".live.sky.dark:string",
  ".live.sky.day:string",
  ".live.skyLabel:string",
  ".live.speed:function",
  ".live.speedGroup:string",
  ".live.speedLabel:string",
  ".live.step.back1:string",
  ".live.step.backChunk:string",
  ".live.step.forward1:string",
  ".live.step.forwardChunk:string",
  ".live.step.nextRise:string",
  ".live.step.prevRise:string",
  ".live.stepName.back1:string",
  ".live.stepName.backChunk:string",
  ".live.stepName.forward1:string",
  ".live.stepName.forwardChunk:string",
  ".live.stepName.nextRise:string",
  ".live.stepName.prevRise:string",
  ".live.stepping:string",
  ".live.strip:string",
  ".live.stripe:string",
  ".live.timeLabel:string",
  ".live.trueNorth:function",
  ".live.visible:function",
  ".location.accuracy:function",
  ".location.active:function",
  ".location.altitudeLabel:string",
  ".location.altitudeNumber:string",
  ".location.altitudeRange:function",
  ".location.clearSaved:string",
  ".location.coordsHint:string",
  ".location.coordsLabel:string",
  ".location.coordsPlaceholder:string",
  ".location.heading:string",
  ".location.latitudeRange:function",
  ".location.locating:string",
  ".location.longitudeRange:function",
  ".location.noMatch:function",
  ".location.oneOfEach:string",
  ".location.permissionDenied:string",
  ".location.placeCentre:function",
  ".location.placeLabel:string",
  ".location.placeList:string",
  ".location.placePlaceholder:string",
  ".location.positionTimeout:string",
  ".location.positionUnavailable:string",
  ".location.precisionNote:string",
  ".location.savedHere:string",
  ".location.searchFailed:function",
  ".location.searchOffline.after:string",
  ".location.searchOffline.before:string",
  ".location.searchOffline.link:string",
  ".location.searching:function",
  ".location.signOrSuffix:string",
  ".location.suffixOnBoth:string",
  ".location.summary:function",
  ".location.summaryAccuracy:function",
  ".location.summaryChange:string",
  ".location.summaryNone:string",
  ".location.summarySet:string",
  ".location.useMyLocation:string",
  ".moon.atPeak:function",
  ".moon.glare.label:string",
  ".moon.glare.sentence:string",
  ".moon.glare.tooltip:function",
  ".moon.line:function",
  ".moon.lore.heading:string",
  ".moon.lore.line:function",
  ".moon.lore.tradition:string",
  ".moon.phase.firstQuarter:string",
  ".moon.phase.full:string",
  ".moon.phase.lastQuarter:string",
  ".moon.phase.new:string",
  ".moon.phase.waningCrescent:string",
  ".moon.phase.waningGibbous:string",
  ".moon.phase.waxingCrescent:string",
  ".moon.phase.waxingGibbous:string",
  ".now.allInShadow:function",
  ".now.asOf:function",
  ".now.checking:string",
  ".now.clouds:string",
  ".now.daylight:function",
  ".now.elevation:function",
  ".now.error:function",
  ".now.heading:string",
  ".now.noDarkness:string",
  ".now.noObserver:string",
  ".now.nothingUp:function",
  ".now.remaining:function",
  ".now.remainingUnknown:string",
  ".now.visible:function",
  ".passes.computing:string",
  ".passes.computingProgress:function",
  ".passes.direction:function",
  ".passes.elementsError:function",
  ".passes.fields.clouds:string",
  ".passes.fields.duration:string",
  ".passes.fields.magnitude:string",
  ".passes.fields.maxElevation:string",
  ".passes.fields.peakDirection:string",
  ".passes.fields.start:string",
  ".passes.found:function",
  ".passes.heading:string",
  ".passes.heroKicker:function",
  ".passes.loadingElements:string",
  ".passes.magnitudeWithBand:function",
  ".passes.nights.count:function",
  ".passes.nights.dated:function",
  ".passes.nights.empty:string",
  ".passes.nights.heroOnly:string",
  ".passes.nights.tomorrow:string",
  ".passes.nights.tonight:string",
  ".passes.noDarkness:function",
  ".passes.noElements:string",
  ".passes.noObserver:string",
  ".passes.none:function",
  ".passes.openGuide:string",
  ".passes.passesError:function",
  ".passes.sort.best:string",
  ".passes.sort.chronological:string",
  ".passes.sortGroup:string",
  ".passes.sortPrefix:string",
  ".passes.sortShort.best:string",
  ".passes.sortShort.chronological:string",
  ".passes.stamp:function",
  ".passes.twilightLabel:string",
  ".passes.unknownError:string",
  ".readiness.gaps.elements:string",
  ".readiness.gaps.forecast:string",
  ".readiness.gaps.passes:string",
  ".readiness.notReady:function",
  ".readiness.ready:function",
  ".readiness.stored:function",
  ".settings.back:string",
  ".settings.heading:string",
  ".settings.open:string",
  ".share.copied:string",
  ".share.copyFailed:string",
  ".share.missing:function",
  ".share.nearest:function",
  ".share.pass:string",
  ".share.title:function",
  ".shortcuts.close:string",
  ".shortcuts.does.close:string",
  ".shortcuts.does.help:string",
  ".shortcuts.does.live:string",
  ".shortcuts.does.next:string",
  ".shortcuts.does.open:string",
  ".shortcuts.does.previous:string",
  ".shortcuts.does.theme:string",
  ".shortcuts.does.view:string",
  ".shortcuts.doesHeading:string",
  ".shortcuts.keyHeading:string",
  ".shortcuts.title:string",
  ".update.ready:string",
  ".update.reload:string",
  ".weather.badge:function",
  ".weather.momentNow:string",
  ".weather.momentPeak:string",
  ".weather.noForecast:string",
  ".weather.source:function",
  ".weather.state.clear:string",
  ".weather.state.obscured:string",
  ".weather.state.partly:string",
  ".weather.state.unknown:string",
  ".weather.thresholds:function",
  ".weather.tooltipHead:function",
  ".window.buried:string",
  ".window.denied:string",
  ".window.ground:string",
  ".window.hint:string",
  ".window.portrait:string",
  ".window.readout:function",
  ".window.relative:string",
  ".window.trueNorth:function",
  ".window.waiting:string",
]
`;
